{
  "llm_beam_metrics": {
    "best_exact_examples": 12,
    "best_loss": 0.0,
    "best_loss_by_proposal_slot_checkpoint": {
      "1": 20.0,
      "13": 15.0,
      "21": 15.0,
      "29": 0.0,
      "5": 15.0
    },
    "best_state": {
      "finite_component_semantics": {
        "mapper_values": [
          -1,
          0,
          1,
          2,
          3,
          4,
          5,
          6
        ],
        "predicate_keep_mask": [
          false,
          false,
          false,
          false,
          false,
          true,
          true,
          true
        ],
        "scope": "finite observational equivalence only",
        "semantic_id": "bd2231a6d298ce118b7ac50e4ae764034f7913e26cf946e9e69efbcda1acd73f",
        "version": "training-item-component-signature-v1"
      },
      "history": [
        {
          "hole": "predicate",
          "loss_after": 15.0,
          "repair": "and(eq(item,2),eq(item,3))",
          "round": 1
        },
        {
          "hole": "predicate",
          "loss_after": 20.0,
          "repair": "eq(item,2)",
          "round": 2
        },
        {
          "hole": "predicate",
          "loss_after": 30.0,
          "repair": "lt(1,item)",
          "round": 3
        },
        {
          "hole": "mapper",
          "loss_after": 0.0,
          "repair": "add(item,2)",
          "round": 4
        }
      ],
      "mapper": "add(item,2)",
      "predicate": "lt(1,item)",
      "score": {
        "cost": 14,
        "evaluations": [
          {
            "exact": true,
            "expected": "[]",
            "input": "[]",
            "loss": 0.0,
            "predicted": "[]"
          },
          {
            "exact": true,
            "expected": "[]",
            "input": "[-3]",
            "loss": 0.0,
            "predicted": "[]"
          },
          {
            "exact": true,
            "expected": "[]",
            "input": "[-2]",
            "loss": 0.0,
            "predicted": "[]"
          },
          {
            "exact": true,
            "expected": "[]",
            "input": "[-1]",
            "loss": 0.0,
            "predicted": "[]"
          },
          {
            "exact": true,
            "expected": "[]",
            "input": "[0]",
            "loss": 0.0,
            "predicted": "[]"
          },
          {
            "exact": true,
            "expected": "[]",
            "input": "[1]",
            "loss": 0.0,
            "predicted": "[]"
          },
          {
            "exact": true,
            "expected": "[4]",
            "input": "[2]",
            "loss": 0.0,
            "predicted": "[4]"
          },
          {
            "exact": true,
            "expected": "[5]",
            "input": "[3]",
            "loss": 0.0,
            "predicted": "[5]"
          },
          {
            "exact": true,
            "expected": "[6]",
            "input": "[4]",
            "loss": 0.0,
            "predicted": "[6]"
          },
          {
            "exact": true,
            "expected": "[4, 5, 6]",
            "input": "[-3, -2, -1, 0, 1, 2, 3, 4]",
            "loss": 0.0,
            "predicted": "[4, 5, 6]"
          },
          {
            "exact": true,
            "expected": "[6, 5, 4]",
            "input": "[4, 0, -2, 1, 3, -1, 2, -3]",
            "loss": 0.0,
            "predicted": "[6, 5, 4]"
          },
          {
            "exact": true,
            "expected": "[6, 5, 4, 6, 5, 4]",
            "input": "[4, 0, -2, 1, 3, -1, 2, -3, -3, -1, 4, 3, -2, 1, 0, 2]",
            "loss": 0.0,
            "predicted": "[6, 5, 4, 6, 5, 4]"
          }
        ],
        "exact_matches": 12,
        "exact_program": true,
        "inferred_type": "IntListType",
        "kind": "Scored",
        "log_target": -0.28,
        "total_loss": 0.0
      },
      "selection_provenance": {
        "parent_rank": 1,
        "proposal_rank": 0
      },
      "singleton_constraint_violations": {
        "mapper": 0,
        "predicate": 0
      },
      "state_id": "31926f4ecc8799a2"
    },
    "evidence_guided_expansions": 7,
    "fallback_expansions": 0,
    "first_exact_proposal_slot": 26,
    "first_exact_state_evaluation": 26,
    "logical_candidate_evaluations": 29,
    "maximum_budget": 29,
    "physical_scorer_calls": 13,
    "primary_checkpoint_slot": 29,
    "primary_checkpoint_success": true,
    "proposal_slots_consumed": 29,
    "provider_calls_attempted": 7,
    "provider_calls_invalid": 0,
    "provider_calls_valid": 7,
    "rounds_completed": 4,
    "score_cache_hits": 44,
    "semantic_no_op_proposals": 1,
    "semantic_redundancy_rate": 0.3846153846153846,
    "success": true,
    "success_by_proposal_slot_checkpoint": {
      "1": false,
      "13": false,
      "21": false,
      "29": true,
      "5": false
    },
    "termination_reason": "exact-program",
    "unique_joint_semantic_cells_evaluated": 8,
    "unique_mapper_behaviors_evaluated": 3,
    "unique_predicate_behaviors_evaluated": 6,
    "unique_programs_evaluated": 13,
    "within_call_semantic_duplicates": 5
  },
  "matched_random_beam": {
    "aggregate_physical_scorer_calls": 1177,
    "aggregate_score_cache_hits": 274359,
    "best_loss_mean": 11.75,
    "best_loss_median": 12.0,
    "best_loss_p05": 0.0,
    "best_loss_summary_by_proposal_slot_checkpoint": {
      "1": {
        "fraction_at_most_llm": 1.0,
        "mean": 20.0,
        "median": 20.0,
        "observed_trials": 10000,
        "p05": 20.0,
        "p95": 20.0
      },
      "13": {
        "fraction_at_most_llm": 0.9997,
        "mean": 13.8185,
        "median": 15.0,
        "observed_trials": 10000,
        "p05": 12.0,
        "p95": 15.0
      },
      "21": {
        "fraction_at_most_llm": 1.0,
        "mean": 12.8191,
        "median": 12.0,
        "observed_trials": 10000,
        "p05": 11.0,
        "p95": 15.0
      },
      "29": {
        "fraction_at_most_llm": 0.0921,
        "mean": 11.75,
        "median": 12.0,
        "observed_trials": 10000,
        "p05": 0.0,
        "p95": 15.0
      },
      "5": {
        "fraction_at_most_llm": 0.962,
        "mean": 14.8357,
        "median": 15.0,
        "observed_trials": 10000,
        "p05": 12.0,
        "p95": 15.0
      }
    },
    "first_exact_execution_median_when_successful": 22,
    "fraction_best_loss_at_most_llm": 0.0921,
    "mean_evidence_guided_expansions": 6.8884,
    "mean_fallback_expansions": 0,
    "mean_logical_candidate_evaluations": 28.5536,
    "mean_proposal_slots_used": 28.5536,
    "mean_semantic_no_op_proposals": 5.126,
    "mean_unique_joint_semantic_cells": 11.9133,
    "mean_unique_mapper_behaviors": 2.708,
    "mean_unique_predicate_behaviors": 10.2053,
    "success_rate": 0.0921,
    "success_rate_wilson_95": [
      0.08658798651880575,
      0.09792527935199222
    ],
    "success_rate_wilson_95_by_proposal_slot_checkpoint": {
      "1": [
        0.0,
        0.00038399837067659573
      ],
      "13": [
        0.0104106360968032,
        0.014763839114280615
      ],
      "21": [
        0.03957871168152834,
        0.047571955630573516
      ],
      "29": [
        0.08658798651880575,
        0.09792527935199222
      ],
      "5": [
        0.0,
        0.00038399837067659573
      ]
    },
    "success_rates_by_proposal_slot_checkpoint": {
      "1": 0.0,
      "13": 0.0124,
      "21": 0.0434,
      "29": 0.0921,
      "5": 0.0
    },
    "successes": 921,
    "successes_by_proposal_slot_checkpoint": {
      "1": 0,
      "13": 124,
      "21": 434,
      "29": 921,
      "5": 0
    },
    "trials": 10000
  },
  "timing": {
    "matched_random_baseline_seconds": 6.717513482901268,
    "provider_and_llm_search_seconds": 565.7251616629073,
    "total_seconds": 572.5734852429014
  }
}
