{
  "llm_beam_metrics": {
    "best_exact_examples": 12,
    "best_loss": 0.0,
    "best_loss_by_proposal_slot_checkpoint": {
      "1": 30.0,
      "13": 25.0,
      "21": 22.0,
      "29": 0.0,
      "5": 27.0
    },
    "best_state": {
      "finite_component_semantics": {
        "mapper_values": [
          9,
          4,
          1,
          0,
          1,
          4,
          9,
          16
        ],
        "predicate_keep_mask": [
          false,
          true,
          true,
          true,
          true,
          true,
          false,
          false
        ],
        "scope": "finite observational equivalence only",
        "semantic_id": "99879e49797ef5f1b4c135a7799d3f26fb2e5d541ea01ea4c4a76d29e20d456a",
        "version": "training-item-component-signature-v1"
      },
      "history": [
        {
          "hole": "predicate",
          "loss_after": 32.0,
          "repair": "and(lt(-3,item),lt(item,3))",
          "round": 1
        },
        {
          "hole": "mapper",
          "loss_after": 25.0,
          "repair": "1",
          "round": 2
        },
        {
          "hole": "mapper",
          "loss_after": 0.0,
          "repair": "mul(item,item)",
          "round": 4
        }
      ],
      "mapper": "mul(item,item)",
      "predicate": "and(lt(-3,item),lt(item,3))",
      "score": {
        "cost": 18,
        "evaluations": [
          {
            "exact": true,
            "expected": "[]",
            "input": "[]",
            "loss": 0.0,
            "predicted": "[]"
          },
          {
            "exact": true,
            "expected": "[]",
            "input": "[-3]",
            "loss": 0.0,
            "predicted": "[]"
          },
          {
            "exact": true,
            "expected": "[4]",
            "input": "[-2]",
            "loss": 0.0,
            "predicted": "[4]"
          },
          {
            "exact": true,
            "expected": "[1]",
            "input": "[-1]",
            "loss": 0.0,
            "predicted": "[1]"
          },
          {
            "exact": true,
            "expected": "[0]",
            "input": "[0]",
            "loss": 0.0,
            "predicted": "[0]"
          },
          {
            "exact": true,
            "expected": "[1]",
            "input": "[1]",
            "loss": 0.0,
            "predicted": "[1]"
          },
          {
            "exact": true,
            "expected": "[4]",
            "input": "[2]",
            "loss": 0.0,
            "predicted": "[4]"
          },
          {
            "exact": true,
            "expected": "[]",
            "input": "[3]",
            "loss": 0.0,
            "predicted": "[]"
          },
          {
            "exact": true,
            "expected": "[]",
            "input": "[4]",
            "loss": 0.0,
            "predicted": "[]"
          },
          {
            "exact": true,
            "expected": "[4, 1, 0, 1, 4]",
            "input": "[-3, -2, -1, 0, 1, 2, 3, 4]",
            "loss": 0.0,
            "predicted": "[4, 1, 0, 1, 4]"
          },
          {
            "exact": true,
            "expected": "[4, 0, 1, 4, 1]",
            "input": "[-3, -2, 0, -1, 2, 4, 3, 1]",
            "loss": 0.0,
            "predicted": "[4, 0, 1, 4, 1]"
          },
          {
            "exact": true,
            "expected": "[4, 0, 1, 4, 1, 4, 1, 0, 4, 1]",
            "input": "[-3, -2, 0, -1, 2, 4, 3, 1, -3, -2, 4, 1, 0, 2, -1, 3]",
            "loss": 0.0,
            "predicted": "[4, 0, 1, 4, 1, 4, 1, 0, 4, 1]"
          }
        ],
        "exact_matches": 12,
        "exact_program": true,
        "inferred_type": "IntListType",
        "kind": "Scored",
        "log_target": -0.36,
        "total_loss": 0.0
      },
      "selection_provenance": {
        "parent_rank": 1,
        "proposal_rank": 0
      },
      "singleton_constraint_violations": {
        "mapper": 0,
        "predicate": 0
      },
      "state_id": "27dab62137a98c1a"
    },
    "evidence_guided_expansions": 7,
    "fallback_expansions": 0,
    "first_exact_proposal_slot": 26,
    "first_exact_state_evaluation": 22,
    "logical_candidate_evaluations": 25,
    "maximum_budget": 29,
    "physical_scorer_calls": 20,
    "primary_checkpoint_slot": 29,
    "primary_checkpoint_success": true,
    "proposal_slots_consumed": 29,
    "provider_calls_attempted": 7,
    "provider_calls_invalid": 1,
    "provider_calls_valid": 6,
    "rounds_completed": 4,
    "score_cache_hits": 29,
    "semantic_no_op_proposals": 0,
    "semantic_redundancy_rate": 0.25,
    "success": true,
    "success_by_proposal_slot_checkpoint": {
      "1": false,
      "13": false,
      "21": false,
      "29": true,
      "5": false
    },
    "termination_reason": "exact-program",
    "unique_joint_semantic_cells_evaluated": 15,
    "unique_mapper_behaviors_evaluated": 8,
    "unique_predicate_behaviors_evaluated": 8,
    "unique_programs_evaluated": 20,
    "within_call_semantic_duplicates": 3
  },
  "matched_random_beam": {
    "aggregate_physical_scorer_calls": 698,
    "aggregate_score_cache_hits": 278862,
    "best_loss_mean": 20.7415,
    "best_loss_median": 20.0,
    "best_loss_p05": 17.0,
    "best_loss_summary_by_proposal_slot_checkpoint": {
      "1": {
        "fraction_at_most_llm": 1.0,
        "mean": 30.0,
        "median": 30.0,
        "observed_trials": 10000,
        "p05": 30.0,
        "p95": 30.0
      },
      "13": {
        "fraction_at_most_llm": 1.0,
        "mean": 22.4732,
        "median": 22.0,
        "observed_trials": 10000,
        "p05": 20.0,
        "p95": 25.0
      },
      "21": {
        "fraction_at_most_llm": 0.7658,
        "mean": 21.4507,
        "median": 22.0,
        "observed_trials": 10000,
        "p05": 17.0,
        "p95": 25.0
      },
      "29": {
        "fraction_at_most_llm": 0.0091,
        "mean": 20.7415,
        "median": 20.0,
        "observed_trials": 10000,
        "p05": 17.0,
        "p95": 25.0
      },
      "5": {
        "fraction_at_most_llm": 0.9792,
        "mean": 24.0773,
        "median": 25.0,
        "observed_trials": 10000,
        "p05": 20.0,
        "p95": 25.0
      }
    },
    "first_exact_execution_median_when_successful": 24,
    "fraction_best_loss_at_most_llm": 0.0091,
    "mean_evidence_guided_expansions": 6.989,
    "mean_fallback_expansions": 0,
    "mean_logical_candidate_evaluations": 28.956,
    "mean_proposal_slots_used": 28.956,
    "mean_semantic_no_op_proposals": 3.7711,
    "mean_unique_joint_semantic_cells": 11.0585,
    "mean_unique_mapper_behaviors": 1.3953,
    "mean_unique_predicate_behaviors": 10.6632,
    "success_rate": 0.0091,
    "success_rate_wilson_95": [
      0.0074181785377802605,
      0.01115883106255002
    ],
    "success_rate_wilson_95_by_proposal_slot_checkpoint": {
      "1": [
        0.0,
        0.00038399837067659573
      ],
      "13": [
        0.0006866043187699607,
        0.002096472455817011
      ],
      "21": [
        0.003194074401536842,
        0.005786621583151935
      ],
      "29": [
        0.0074181785377802605,
        0.01115883106255002
      ],
      "5": [
        0.0,
        0.00038399837067659573
      ]
    },
    "success_rates_by_proposal_slot_checkpoint": {
      "1": 0.0,
      "13": 0.0012,
      "21": 0.0043,
      "29": 0.0091,
      "5": 0.0
    },
    "successes": 91,
    "successes_by_proposal_slot_checkpoint": {
      "1": 0,
      "13": 12,
      "21": 43,
      "29": 91,
      "5": 0
    },
    "trials": 10000
  },
  "timing": {
    "matched_random_baseline_seconds": 6.523266051081009,
    "provider_and_llm_search_seconds": 828.3480806070147,
    "total_seconds": 835.1652811870445
  }
}
