{
  "llm_beam_metrics": {
    "best_exact_examples": 12,
    "best_loss": 0.0,
    "best_loss_by_proposal_slot_checkpoint": {
      "1": 20.0,
      "13": 0.0,
      "21": 0.0,
      "29": 0.0,
      "5": 10.0
    },
    "best_state": {
      "finite_component_semantics": {
        "mapper_values": [
          6,
          4,
          2,
          0,
          -2,
          -4,
          -6,
          -8
        ],
        "predicate_keep_mask": [
          false,
          false,
          true,
          true,
          true,
          false,
          false,
          false
        ],
        "scope": "finite observational equivalence only",
        "semantic_id": "d7bfc9764bc71c40fb89c7454f18b2c44dacf970007e0d89e02dfb7603fbf85c",
        "version": "training-item-component-signature-v1"
      },
      "history": [
        {
          "hole": "predicate",
          "loss_after": 20.0,
          "repair": "and(lt(item,2),lt(-2,item))",
          "round": 1
        },
        {
          "hole": "mapper",
          "loss_after": 0.0,
          "repair": "mul(item,-2)",
          "round": 2
        }
      ],
      "mapper": "mul(item,-2)",
      "predicate": "and(lt(item,2),lt(-2,item))",
      "score": {
        "cost": 18,
        "evaluations": [
          {
            "exact": true,
            "expected": "[]",
            "input": "[]",
            "loss": 0.0,
            "predicted": "[]"
          },
          {
            "exact": true,
            "expected": "[]",
            "input": "[-3]",
            "loss": 0.0,
            "predicted": "[]"
          },
          {
            "exact": true,
            "expected": "[]",
            "input": "[-2]",
            "loss": 0.0,
            "predicted": "[]"
          },
          {
            "exact": true,
            "expected": "[2]",
            "input": "[-1]",
            "loss": 0.0,
            "predicted": "[2]"
          },
          {
            "exact": true,
            "expected": "[0]",
            "input": "[0]",
            "loss": 0.0,
            "predicted": "[0]"
          },
          {
            "exact": true,
            "expected": "[-2]",
            "input": "[1]",
            "loss": 0.0,
            "predicted": "[-2]"
          },
          {
            "exact": true,
            "expected": "[]",
            "input": "[2]",
            "loss": 0.0,
            "predicted": "[]"
          },
          {
            "exact": true,
            "expected": "[]",
            "input": "[3]",
            "loss": 0.0,
            "predicted": "[]"
          },
          {
            "exact": true,
            "expected": "[]",
            "input": "[4]",
            "loss": 0.0,
            "predicted": "[]"
          },
          {
            "exact": true,
            "expected": "[2, 0, -2]",
            "input": "[-3, -2, -1, 0, 1, 2, 3, 4]",
            "loss": 0.0,
            "predicted": "[2, 0, -2]"
          },
          {
            "exact": true,
            "expected": "[-2, 0, 2]",
            "input": "[1, 2, -2, -3, 4, 3, 0, -1]",
            "loss": 0.0,
            "predicted": "[-2, 0, 2]"
          },
          {
            "exact": true,
            "expected": "[-2, 0, 2, 0, -2, 2]",
            "input": "[1, 2, -2, -3, 4, 3, 0, -1, 0, -2, 1, 3, 4, 2, -3, -1]",
            "loss": 0.0,
            "predicted": "[-2, 0, 2, 0, -2, 2]"
          }
        ],
        "exact_matches": 12,
        "exact_program": true,
        "inferred_type": "IntListType",
        "kind": "Scored",
        "log_target": -0.36,
        "total_loss": 0.0
      },
      "selection_provenance": {
        "parent_rank": 1,
        "proposal_rank": 1
      },
      "singleton_constraint_violations": {
        "mapper": 0,
        "predicate": 0
      },
      "state_id": "398c0005192ef213"
    },
    "evidence_guided_expansions": 3,
    "fallback_expansions": 0,
    "first_exact_proposal_slot": 10,
    "first_exact_state_evaluation": 10,
    "logical_candidate_evaluations": 13,
    "maximum_budget": 29,
    "physical_scorer_calls": 11,
    "primary_checkpoint_slot": 29,
    "primary_checkpoint_success": true,
    "proposal_slots_consumed": 13,
    "provider_calls_attempted": 3,
    "provider_calls_invalid": 0,
    "provider_calls_valid": 3,
    "rounds_completed": 2,
    "score_cache_hits": 14,
    "semantic_no_op_proposals": 0,
    "semantic_redundancy_rate": 0.2727272727272727,
    "success": true,
    "success_by_proposal_slot_checkpoint": {
      "1": false,
      "13": true,
      "21": true,
      "29": true,
      "5": false
    },
    "termination_reason": "exact-program",
    "unique_joint_semantic_cells_evaluated": 8,
    "unique_mapper_behaviors_evaluated": 3,
    "unique_predicate_behaviors_evaluated": 6,
    "unique_programs_evaluated": 11,
    "within_call_semantic_duplicates": 3
  },
  "matched_random_beam": {
    "aggregate_physical_scorer_calls": 707,
    "aggregate_score_cache_hits": 278517,
    "best_loss_mean": 11.9359,
    "best_loss_median": 10.0,
    "best_loss_p05": 10.0,
    "best_loss_summary_by_proposal_slot_checkpoint": {
      "1": {
        "fraction_at_most_llm": 1.0,
        "mean": 20.0,
        "median": 20.0,
        "observed_trials": 10000,
        "p05": 20.0,
        "p95": 20.0
      },
      "13": {
        "fraction_at_most_llm": 0.0017,
        "mean": 13.4344,
        "median": 15.0,
        "observed_trials": 10000,
        "p05": 10.0,
        "p95": 15.0
      },
      "21": {
        "fraction_at_most_llm": null,
        "mean": 12.6152,
        "median": 15.0,
        "observed_trials": 10000,
        "p05": 10.0,
        "p95": 15.0
      },
      "29": {
        "fraction_at_most_llm": null,
        "mean": 11.9359,
        "median": 10.0,
        "observed_trials": 10000,
        "p05": 10.0,
        "p95": 15.0
      },
      "5": {
        "fraction_at_most_llm": 0.1142,
        "mean": 14.611,
        "median": 15.0,
        "observed_trials": 10000,
        "p05": 10.0,
        "p95": 15.0
      }
    },
    "first_exact_execution_median_when_successful": 21.0,
    "fraction_best_loss_at_most_llm": 0.0154,
    "mean_evidence_guided_expansions": 6.9806,
    "mean_fallback_expansions": 0,
    "mean_logical_candidate_evaluations": 28.9224,
    "mean_proposal_slots_used": 28.9224,
    "mean_semantic_no_op_proposals": 5.3948,
    "mean_unique_joint_semantic_cells": 11.0724,
    "mean_unique_mapper_behaviors": 1.3709,
    "mean_unique_predicate_behaviors": 10.7015,
    "success_rate": 0.0154,
    "success_rate_wilson_95": [
      0.013165934022359623,
      0.01800623719850013
    ],
    "success_rate_wilson_95_by_proposal_slot_checkpoint": {
      "1": [
        0.0,
        0.00038399837067659573
      ],
      "13": [
        0.0010617073611205116,
        0.0027209854150957837
      ],
      "21": [
        0.006433050051197009,
        0.00994480434554876
      ],
      "29": [
        0.013165934022359623,
        0.01800623719850013
      ],
      "5": [
        0.0,
        0.00038399837067659573
      ]
    },
    "success_rates_by_proposal_slot_checkpoint": {
      "1": 0.0,
      "13": 0.0017,
      "21": 0.008,
      "29": 0.0154,
      "5": 0.0
    },
    "successes": 154,
    "successes_by_proposal_slot_checkpoint": {
      "1": 0,
      "13": 17,
      "21": 80,
      "29": 154,
      "5": 0
    },
    "trials": 10000
  },
  "timing": {
    "matched_random_baseline_seconds": 5.5697324979119,
    "provider_and_llm_search_seconds": 456.04147575004026,
    "total_seconds": 461.777144666994
  }
}
