{
  "llm_beam_metrics": {
    "best_exact_examples": 12,
    "best_loss": 0.0,
    "best_loss_by_proposal_slot_checkpoint": {
      "1": 25.0,
      "13": 20.0,
      "21": 0.0,
      "29": 0.0,
      "5": 20.0
    },
    "best_state": {
      "finite_component_semantics": {
        "mapper_values": [
          7,
          6,
          5,
          4,
          3,
          2,
          1,
          0
        ],
        "predicate_keep_mask": [
          false,
          false,
          false,
          false,
          true,
          true,
          true,
          true
        ],
        "scope": "finite observational equivalence only",
        "semantic_id": "174d5432762f1dd8a6bad2ce58d87548e6eb09b1b2480c01d9674cd799ec3960",
        "version": "training-item-component-signature-v1"
      },
      "history": [
        {
          "hole": "predicate",
          "loss_after": 20.0,
          "repair": "and(lt(item,0),eq(item,1))",
          "round": 1
        },
        {
          "hole": "predicate",
          "loss_after": 35.0,
          "repair": "lt(0,item)",
          "round": 2
        },
        {
          "hole": "mapper",
          "loss_after": 0.0,
          "repair": "sub(4,item)",
          "round": 3
        }
      ],
      "mapper": "sub(4,item)",
      "predicate": "lt(0,item)",
      "score": {
        "cost": 14,
        "evaluations": [
          {
            "exact": true,
            "expected": "[]",
            "input": "[]",
            "loss": 0.0,
            "predicted": "[]"
          },
          {
            "exact": true,
            "expected": "[]",
            "input": "[-3]",
            "loss": 0.0,
            "predicted": "[]"
          },
          {
            "exact": true,
            "expected": "[]",
            "input": "[-2]",
            "loss": 0.0,
            "predicted": "[]"
          },
          {
            "exact": true,
            "expected": "[]",
            "input": "[-1]",
            "loss": 0.0,
            "predicted": "[]"
          },
          {
            "exact": true,
            "expected": "[]",
            "input": "[0]",
            "loss": 0.0,
            "predicted": "[]"
          },
          {
            "exact": true,
            "expected": "[3]",
            "input": "[1]",
            "loss": 0.0,
            "predicted": "[3]"
          },
          {
            "exact": true,
            "expected": "[2]",
            "input": "[2]",
            "loss": 0.0,
            "predicted": "[2]"
          },
          {
            "exact": true,
            "expected": "[1]",
            "input": "[3]",
            "loss": 0.0,
            "predicted": "[1]"
          },
          {
            "exact": true,
            "expected": "[0]",
            "input": "[4]",
            "loss": 0.0,
            "predicted": "[0]"
          },
          {
            "exact": true,
            "expected": "[3, 2, 1, 0]",
            "input": "[-3, -2, -1, 0, 1, 2, 3, 4]",
            "loss": 0.0,
            "predicted": "[3, 2, 1, 0]"
          },
          {
            "exact": true,
            "expected": "[0, 2, 3, 1]",
            "input": "[-1, 0, 4, 2, -3, -2, 1, 3]",
            "loss": 0.0,
            "predicted": "[0, 2, 3, 1]"
          },
          {
            "exact": true,
            "expected": "[0, 2, 3, 1, 1, 0, 3, 2]",
            "input": "[-1, 0, 4, 2, -3, -2, 1, 3, -1, -2, 3, 0, 4, -3, 1, 2]",
            "loss": 0.0,
            "predicted": "[0, 2, 3, 1, 1, 0, 3, 2]"
          }
        ],
        "exact_matches": 12,
        "exact_program": true,
        "inferred_type": "IntListType",
        "kind": "Scored",
        "log_target": -0.28,
        "total_loss": 0.0
      },
      "selection_provenance": {
        "parent_rank": 1,
        "proposal_rank": 0
      },
      "singleton_constraint_violations": {
        "mapper": 0,
        "predicate": 0
      },
      "state_id": "89aa918170255222"
    },
    "evidence_guided_expansions": 5,
    "fallback_expansions": 0,
    "first_exact_proposal_slot": 18,
    "first_exact_state_evaluation": 18,
    "logical_candidate_evaluations": 21,
    "maximum_budget": 29,
    "physical_scorer_calls": 16,
    "primary_checkpoint_slot": 29,
    "primary_checkpoint_success": true,
    "proposal_slots_consumed": 21,
    "provider_calls_attempted": 5,
    "provider_calls_invalid": 0,
    "provider_calls_valid": 5,
    "rounds_completed": 3,
    "score_cache_hits": 25,
    "semantic_no_op_proposals": 0,
    "semantic_redundancy_rate": 0.125,
    "success": true,
    "success_by_proposal_slot_checkpoint": {
      "1": false,
      "13": false,
      "21": true,
      "29": true,
      "5": false
    },
    "termination_reason": "exact-program",
    "unique_joint_semantic_cells_evaluated": 14,
    "unique_mapper_behaviors_evaluated": 5,
    "unique_predicate_behaviors_evaluated": 10,
    "unique_programs_evaluated": 16,
    "within_call_semantic_duplicates": 2
  },
  "matched_random_beam": {
    "aggregate_physical_scorer_calls": 1056,
    "aggregate_score_cache_hits": 277400,
    "best_loss_mean": 17.7191,
    "best_loss_median": 17.0,
    "best_loss_p05": 17.0,
    "best_loss_summary_by_proposal_slot_checkpoint": {
      "1": {
        "fraction_at_most_llm": 1.0,
        "mean": 25.0,
        "median": 25.0,
        "observed_trials": 10000,
        "p05": 25.0,
        "p95": 25.0
      },
      "13": {
        "fraction_at_most_llm": 0.9998,
        "mean": 18.968,
        "median": 20.0,
        "observed_trials": 10000,
        "p05": 17.0,
        "p95": 20.0
      },
      "21": {
        "fraction_at_most_llm": 0.0156,
        "mean": 18.2834,
        "median": 20.0,
        "observed_trials": 10000,
        "p05": 17.0,
        "p95": 20.0
      },
      "29": {
        "fraction_at_most_llm": null,
        "mean": 17.7191,
        "median": 17.0,
        "observed_trials": 10000,
        "p05": 17.0,
        "p95": 20.0
      },
      "5": {
        "fraction_at_most_llm": 0.9717,
        "mean": 19.7601,
        "median": 20.0,
        "observed_trials": 10000,
        "p05": 17.0,
        "p95": 20.0
      }
    },
    "first_exact_execution_median_when_successful": 21,
    "fraction_best_loss_at_most_llm": 0.0291,
    "mean_evidence_guided_expansions": 6.9614,
    "mean_fallback_expansions": 0,
    "mean_logical_candidate_evaluations": 28.8456,
    "mean_proposal_slots_used": 28.8456,
    "mean_semantic_no_op_proposals": 4.8332,
    "mean_unique_joint_semantic_cells": 11.7935,
    "mean_unique_mapper_behaviors": 2.4544,
    "mean_unique_predicate_behaviors": 10.3391,
    "success_rate": 0.0291,
    "success_rate_wilson_95": [
      0.025982055888652017,
      0.0325795937768512
    ],
    "success_rate_wilson_95_by_proposal_slot_checkpoint": {
      "1": [
        0.0,
        0.00038399837067659573
      ],
      "13": [
        0.002685648037750953,
        0.005095508744982636
      ],
      "21": [
        0.013350536779147534,
        0.018221480842363948
      ],
      "29": [
        0.025982055888652017,
        0.0325795937768512
      ],
      "5": [
        0.0,
        0.00038399837067659573
      ]
    },
    "success_rates_by_proposal_slot_checkpoint": {
      "1": 0.0,
      "13": 0.0037,
      "21": 0.0156,
      "29": 0.0291,
      "5": 0.0
    },
    "successes": 291,
    "successes_by_proposal_slot_checkpoint": {
      "1": 0,
      "13": 37,
      "21": 156,
      "29": 291,
      "5": 0
    },
    "trials": 10000
  },
  "timing": {
    "matched_random_baseline_seconds": 6.5050127250142395,
    "provider_and_llm_search_seconds": 479.37855438899714,
    "total_seconds": 485.99490147293545
  }
}
