{
  "llm_beam_metrics": {
    "best_exact_examples": 12,
    "best_loss": 0.0,
    "best_loss_by_proposal_slot_checkpoint": {
      "1": 25.0,
      "13": 0.0,
      "21": 0.0,
      "29": 0.0,
      "5": 17.0
    },
    "best_state": {
      "finite_component_semantics": {
        "mapper_values": [
          9,
          4,
          1,
          0,
          1,
          4,
          9,
          16
        ],
        "predicate_keep_mask": [
          false,
          false,
          false,
          false,
          true,
          true,
          true,
          true
        ],
        "scope": "finite observational equivalence only",
        "semantic_id": "1ea924884bcadad8f907d02792fd33781510468ae23c756a5f8e065374f9f846",
        "version": "training-item-component-signature-v1"
      },
      "history": [
        {
          "hole": "predicate",
          "loss_after": 20.0,
          "repair": "lt(0,item)",
          "round": 1
        },
        {
          "hole": "mapper",
          "loss_after": 0.0,
          "repair": "mul(item,item)",
          "round": 2
        }
      ],
      "mapper": "mul(item,item)",
      "predicate": "lt(0,item)",
      "score": {
        "cost": 14,
        "evaluations": [
          {
            "exact": true,
            "expected": "[]",
            "input": "[]",
            "loss": 0.0,
            "predicted": "[]"
          },
          {
            "exact": true,
            "expected": "[]",
            "input": "[-3]",
            "loss": 0.0,
            "predicted": "[]"
          },
          {
            "exact": true,
            "expected": "[]",
            "input": "[-2]",
            "loss": 0.0,
            "predicted": "[]"
          },
          {
            "exact": true,
            "expected": "[]",
            "input": "[-1]",
            "loss": 0.0,
            "predicted": "[]"
          },
          {
            "exact": true,
            "expected": "[]",
            "input": "[0]",
            "loss": 0.0,
            "predicted": "[]"
          },
          {
            "exact": true,
            "expected": "[1]",
            "input": "[1]",
            "loss": 0.0,
            "predicted": "[1]"
          },
          {
            "exact": true,
            "expected": "[4]",
            "input": "[2]",
            "loss": 0.0,
            "predicted": "[4]"
          },
          {
            "exact": true,
            "expected": "[9]",
            "input": "[3]",
            "loss": 0.0,
            "predicted": "[9]"
          },
          {
            "exact": true,
            "expected": "[16]",
            "input": "[4]",
            "loss": 0.0,
            "predicted": "[16]"
          },
          {
            "exact": true,
            "expected": "[1, 4, 9, 16]",
            "input": "[-3, -2, -1, 0, 1, 2, 3, 4]",
            "loss": 0.0,
            "predicted": "[1, 4, 9, 16]"
          },
          {
            "exact": true,
            "expected": "[16, 9, 4, 1]",
            "input": "[4, -1, 3, 2, -3, 0, -2, 1]",
            "loss": 0.0,
            "predicted": "[16, 9, 4, 1]"
          },
          {
            "exact": true,
            "expected": "[16, 9, 4, 1, 1, 16, 4, 9]",
            "input": "[4, -1, 3, 2, -3, 0, -2, 1, 1, 4, -2, 2, -1, -3, 0, 3]",
            "loss": 0.0,
            "predicted": "[16, 9, 4, 1, 1, 16, 4, 9]"
          }
        ],
        "exact_matches": 12,
        "exact_program": true,
        "inferred_type": "IntListType",
        "kind": "Scored",
        "log_target": -0.28,
        "total_loss": 0.0
      },
      "selection_provenance": {
        "parent_rank": 1,
        "proposal_rank": 0
      },
      "singleton_constraint_violations": {
        "mapper": 0,
        "predicate": 0
      },
      "state_id": "b9eb079565566b2d"
    },
    "evidence_guided_expansions": 3,
    "fallback_expansions": 0,
    "first_exact_proposal_slot": 10,
    "first_exact_state_evaluation": 10,
    "logical_candidate_evaluations": 13,
    "maximum_budget": 29,
    "physical_scorer_calls": 13,
    "primary_checkpoint_slot": 29,
    "primary_checkpoint_success": true,
    "proposal_slots_consumed": 13,
    "provider_calls_attempted": 3,
    "provider_calls_invalid": 0,
    "provider_calls_valid": 3,
    "rounds_completed": 2,
    "score_cache_hits": 12,
    "semantic_no_op_proposals": 0,
    "semantic_redundancy_rate": 0.3076923076923077,
    "success": true,
    "success_by_proposal_slot_checkpoint": {
      "1": false,
      "13": true,
      "21": true,
      "29": true,
      "5": false
    },
    "termination_reason": "exact-program",
    "unique_joint_semantic_cells_evaluated": 9,
    "unique_mapper_behaviors_evaluated": 4,
    "unique_predicate_behaviors_evaluated": 6,
    "unique_programs_evaluated": 13,
    "within_call_semantic_duplicates": 4
  },
  "matched_random_beam": {
    "aggregate_physical_scorer_calls": 1059,
    "aggregate_score_cache_hits": 277509,
    "best_loss_mean": 15.3589,
    "best_loss_median": 15.0,
    "best_loss_p05": 15.0,
    "best_loss_summary_by_proposal_slot_checkpoint": {
      "1": {
        "fraction_at_most_llm": 1.0,
        "mean": 25.0,
        "median": 25.0,
        "observed_trials": 10000,
        "p05": 25.0,
        "p95": 25.0
      },
      "13": {
        "fraction_at_most_llm": 0.0034,
        "mean": 17.1172,
        "median": 17.0,
        "observed_trials": 10000,
        "p05": 15.0,
        "p95": 20.0
      },
      "21": {
        "fraction_at_most_llm": null,
        "mean": 16.0759,
        "median": 15.0,
        "observed_trials": 10000,
        "p05": 15.0,
        "p95": 20.0
      },
      "29": {
        "fraction_at_most_llm": null,
        "mean": 15.3589,
        "median": 15.0,
        "observed_trials": 10000,
        "p05": 15.0,
        "p95": 20.0
      },
      "5": {
        "fraction_at_most_llm": 0.2875,
        "mean": 18.7731,
        "median": 20.0,
        "observed_trials": 10000,
        "p05": 15.0,
        "p95": 20.0
      }
    },
    "first_exact_execution_median_when_successful": 26.0,
    "fraction_best_loss_at_most_llm": 0.03,
    "mean_evidence_guided_expansions": 6.9642,
    "mean_fallback_expansions": 0,
    "mean_logical_candidate_evaluations": 28.8568,
    "mean_proposal_slots_used": 28.8568,
    "mean_semantic_no_op_proposals": 3.7665,
    "mean_unique_joint_semantic_cells": 11.8002,
    "mean_unique_mapper_behaviors": 2.4479,
    "mean_unique_predicate_behaviors": 10.3523,
    "success_rate": 0.03,
    "success_rate_wilson_95": [
      0.026832804617312578,
      0.03352815385112342
    ],
    "success_rate_wilson_95_by_proposal_slot_checkpoint": {
      "1": [
        0.0,
        0.00038399837067659573
      ],
      "13": [
        0.002434181816300086,
        0.004747205365455908
      ],
      "21": [
        0.012336538166067392,
        0.017036324251859584
      ],
      "29": [
        0.026832804617312578,
        0.03352815385112342
      ],
      "5": [
        0.0,
        0.00038399837067659573
      ]
    },
    "success_rates_by_proposal_slot_checkpoint": {
      "1": 0.0,
      "13": 0.0034,
      "21": 0.0145,
      "29": 0.03,
      "5": 0.0
    },
    "successes": 300,
    "successes_by_proposal_slot_checkpoint": {
      "1": 0,
      "13": 34,
      "21": 145,
      "29": 300,
      "5": 0
    },
    "trials": 10000
  },
  "timing": {
    "matched_random_baseline_seconds": 7.36698771698866,
    "provider_and_llm_search_seconds": 296.8520471849479,
    "total_seconds": 304.3376643949887
  }
}
