{
  "llm_beam_metrics": {
    "best_exact_examples": 12,
    "best_loss": 0.0,
    "best_loss_by_proposal_slot_checkpoint": {
      "1": 25.0,
      "13": 0.0,
      "21": 0.0,
      "29": 0.0,
      "5": 17.0
    },
    "best_state": {
      "finite_component_semantics": {
        "mapper_values": [
          -1,
          0,
          1,
          2,
          3,
          4,
          5,
          6
        ],
        "predicate_keep_mask": [
          false,
          true,
          true,
          true,
          true,
          false,
          false,
          false
        ],
        "scope": "finite observational equivalence only",
        "semantic_id": "e3e899d81317744e5654c2408933c1417c15c7a44d612f300913a9ec1f8cf05a",
        "version": "training-item-component-signature-v1"
      },
      "history": [
        {
          "hole": "predicate",
          "loss_after": 27.0,
          "repair": "and(lt(-3,item),lt(item,2))",
          "round": 1
        },
        {
          "hole": "mapper",
          "loss_after": 0.0,
          "repair": "add(item,2)",
          "round": 2
        }
      ],
      "mapper": "add(item,2)",
      "predicate": "and(lt(-3,item),lt(item,2))",
      "score": {
        "cost": 18,
        "evaluations": [
          {
            "exact": true,
            "expected": "[]",
            "input": "[]",
            "loss": 0.0,
            "predicted": "[]"
          },
          {
            "exact": true,
            "expected": "[]",
            "input": "[-3]",
            "loss": 0.0,
            "predicted": "[]"
          },
          {
            "exact": true,
            "expected": "[0]",
            "input": "[-2]",
            "loss": 0.0,
            "predicted": "[0]"
          },
          {
            "exact": true,
            "expected": "[1]",
            "input": "[-1]",
            "loss": 0.0,
            "predicted": "[1]"
          },
          {
            "exact": true,
            "expected": "[2]",
            "input": "[0]",
            "loss": 0.0,
            "predicted": "[2]"
          },
          {
            "exact": true,
            "expected": "[3]",
            "input": "[1]",
            "loss": 0.0,
            "predicted": "[3]"
          },
          {
            "exact": true,
            "expected": "[]",
            "input": "[2]",
            "loss": 0.0,
            "predicted": "[]"
          },
          {
            "exact": true,
            "expected": "[]",
            "input": "[3]",
            "loss": 0.0,
            "predicted": "[]"
          },
          {
            "exact": true,
            "expected": "[]",
            "input": "[4]",
            "loss": 0.0,
            "predicted": "[]"
          },
          {
            "exact": true,
            "expected": "[0, 1, 2, 3]",
            "input": "[-3, -2, -1, 0, 1, 2, 3, 4]",
            "loss": 0.0,
            "predicted": "[0, 1, 2, 3]"
          },
          {
            "exact": true,
            "expected": "[2, 0, 3, 1]",
            "input": "[0, 3, -2, 2, -3, 4, 1, -1]",
            "loss": 0.0,
            "predicted": "[2, 0, 3, 1]"
          },
          {
            "exact": true,
            "expected": "[2, 0, 3, 1, 3, 0, 2, 1]",
            "input": "[0, 3, -2, 2, -3, 4, 1, -1, 4, 1, -2, 0, -3, 2, 3, -1]",
            "loss": 0.0,
            "predicted": "[2, 0, 3, 1, 3, 0, 2, 1]"
          }
        ],
        "exact_matches": 12,
        "exact_program": true,
        "inferred_type": "IntListType",
        "kind": "Scored",
        "log_target": -0.36,
        "total_loss": 0.0
      },
      "selection_provenance": {
        "parent_rank": 1,
        "proposal_rank": 0
      },
      "singleton_constraint_violations": {
        "mapper": 0,
        "predicate": 0
      },
      "state_id": "2adddeb59d6301ea"
    },
    "evidence_guided_expansions": 3,
    "fallback_expansions": 0,
    "first_exact_proposal_slot": 10,
    "first_exact_state_evaluation": 10,
    "logical_candidate_evaluations": 13,
    "maximum_budget": 29,
    "physical_scorer_calls": 10,
    "primary_checkpoint_slot": 29,
    "primary_checkpoint_success": true,
    "proposal_slots_consumed": 13,
    "provider_calls_attempted": 3,
    "provider_calls_invalid": 0,
    "provider_calls_valid": 3,
    "rounds_completed": 2,
    "score_cache_hits": 15,
    "semantic_no_op_proposals": 0,
    "semantic_redundancy_rate": 0.19999999999999996,
    "success": true,
    "success_by_proposal_slot_checkpoint": {
      "1": false,
      "13": true,
      "21": true,
      "29": true,
      "5": false
    },
    "termination_reason": "exact-program",
    "unique_joint_semantic_cells_evaluated": 8,
    "unique_mapper_behaviors_evaluated": 3,
    "unique_predicate_behaviors_evaluated": 6,
    "unique_programs_evaluated": 10,
    "within_call_semantic_duplicates": 2
  },
  "matched_random_beam": {
    "aggregate_physical_scorer_calls": 708,
    "aggregate_score_cache_hits": 278348,
    "best_loss_mean": 17.7762,
    "best_loss_median": 17.0,
    "best_loss_p05": 17.0,
    "best_loss_summary_by_proposal_slot_checkpoint": {
      "1": {
        "fraction_at_most_llm": 1.0,
        "mean": 25.0,
        "median": 25.0,
        "observed_trials": 10000,
        "p05": 25.0,
        "p95": 25.0
      },
      "13": {
        "fraction_at_most_llm": 0.0024,
        "mean": 18.9499,
        "median": 20.0,
        "observed_trials": 10000,
        "p05": 17.0,
        "p95": 20.0
      },
      "21": {
        "fraction_at_most_llm": null,
        "mean": 18.3354,
        "median": 17.0,
        "observed_trials": 10000,
        "p05": 17.0,
        "p95": 20.0
      },
      "29": {
        "fraction_at_most_llm": null,
        "mean": 17.7762,
        "median": 17.0,
        "observed_trials": 10000,
        "p05": 17.0,
        "p95": 20.0
      },
      "5": {
        "fraction_at_most_llm": 0.1289,
        "mean": 19.7368,
        "median": 20.0,
        "observed_trials": 10000,
        "p05": 17.0,
        "p95": 20.0
      }
    },
    "first_exact_execution_median_when_successful": 23,
    "fraction_best_loss_at_most_llm": 0.0201,
    "mean_evidence_guided_expansions": 6.9764,
    "mean_fallback_expansions": 0,
    "mean_logical_candidate_evaluations": 28.9056,
    "mean_proposal_slots_used": 28.9056,
    "mean_semantic_no_op_proposals": 4.8434,
    "mean_unique_joint_semantic_cells": 11.0539,
    "mean_unique_mapper_behaviors": 1.4141,
    "mean_unique_predicate_behaviors": 10.6398,
    "success_rate": 0.0201,
    "success_rate_wilson_95": [
      0.017527981217395204,
      0.02304058041878019
    ],
    "success_rate_wilson_95_by_proposal_slot_checkpoint": {
      "1": [
        0.0,
        0.00038399837067659573
      ],
      "13": [
        0.0016133788093978356,
        0.0035687763690995114
      ],
      "21": [
        0.007688088248246492,
        0.011488690953061383
      ],
      "29": [
        0.017527981217395204,
        0.02304058041878019
      ],
      "5": [
        0.0,
        0.00038399837067659573
      ]
    },
    "success_rates_by_proposal_slot_checkpoint": {
      "1": 0.0,
      "13": 0.0024,
      "21": 0.0094,
      "29": 0.0201,
      "5": 0.0
    },
    "successes": 201,
    "successes_by_proposal_slot_checkpoint": {
      "1": 0,
      "13": 24,
      "21": 94,
      "29": 201,
      "5": 0
    },
    "trials": 10000
  },
  "timing": {
    "matched_random_baseline_seconds": 6.3505762249697,
    "provider_and_llm_search_seconds": 354.3061493160203,
    "total_seconds": 360.82492560404353
  }
}
