{
  "llm_beam_metrics": {
    "best_exact_examples": 12,
    "best_loss": 0.0,
    "best_loss_by_proposal_slot_checkpoint": {
      "1": 25.0,
      "13": 20.0,
      "21": 16.0,
      "29": 0.0,
      "5": 25.0
    },
    "best_state": {
      "finite_component_semantics": {
        "mapper_values": [
          4,
          3,
          2,
          1,
          0,
          -1,
          -2,
          -3
        ],
        "predicate_keep_mask": [
          true,
          true,
          true,
          true,
          false,
          false,
          false,
          false
        ],
        "scope": "finite observational equivalence only",
        "semantic_id": "23a3b0dbb6ddd86d80dede28142753d53f911ac6031c89b48f6cbe4d71db8ed1",
        "version": "training-item-component-signature-v1"
      },
      "history": [
        {
          "hole": "predicate",
          "loss_after": 35.0,
          "repair": "lt(item,1)",
          "round": 2
        },
        {
          "hole": "mapper",
          "loss_after": 16.0,
          "repair": "mul(item,-1)",
          "round": 3
        },
        {
          "hole": "mapper",
          "loss_after": 0.0,
          "repair": "sub(1,item)",
          "round": 4
        }
      ],
      "mapper": "sub(1,item)",
      "predicate": "lt(item,1)",
      "score": {
        "cost": 14,
        "evaluations": [
          {
            "exact": true,
            "expected": "[]",
            "input": "[]",
            "loss": 0.0,
            "predicted": "[]"
          },
          {
            "exact": true,
            "expected": "[4]",
            "input": "[-3]",
            "loss": 0.0,
            "predicted": "[4]"
          },
          {
            "exact": true,
            "expected": "[3]",
            "input": "[-2]",
            "loss": 0.0,
            "predicted": "[3]"
          },
          {
            "exact": true,
            "expected": "[2]",
            "input": "[-1]",
            "loss": 0.0,
            "predicted": "[2]"
          },
          {
            "exact": true,
            "expected": "[1]",
            "input": "[0]",
            "loss": 0.0,
            "predicted": "[1]"
          },
          {
            "exact": true,
            "expected": "[]",
            "input": "[1]",
            "loss": 0.0,
            "predicted": "[]"
          },
          {
            "exact": true,
            "expected": "[]",
            "input": "[2]",
            "loss": 0.0,
            "predicted": "[]"
          },
          {
            "exact": true,
            "expected": "[]",
            "input": "[3]",
            "loss": 0.0,
            "predicted": "[]"
          },
          {
            "exact": true,
            "expected": "[]",
            "input": "[4]",
            "loss": 0.0,
            "predicted": "[]"
          },
          {
            "exact": true,
            "expected": "[4, 3, 2, 1]",
            "input": "[-3, -2, -1, 0, 1, 2, 3, 4]",
            "loss": 0.0,
            "predicted": "[4, 3, 2, 1]"
          },
          {
            "exact": true,
            "expected": "[2, 3, 4, 1]",
            "input": "[-1, -2, 1, 3, -3, 0, 4, 2]",
            "loss": 0.0,
            "predicted": "[2, 3, 4, 1]"
          },
          {
            "exact": true,
            "expected": "[2, 3, 4, 1, 3, 1, 4, 2]",
            "input": "[-1, -2, 1, 3, -3, 0, 4, 2, 2, 3, -2, 0, 4, 1, -3, -1]",
            "loss": 0.0,
            "predicted": "[2, 3, 4, 1, 3, 1, 4, 2]"
          }
        ],
        "exact_matches": 12,
        "exact_program": true,
        "inferred_type": "IntListType",
        "kind": "Scored",
        "log_target": -0.28,
        "total_loss": 0.0
      },
      "selection_provenance": {
        "parent_rank": 0,
        "proposal_rank": 0
      },
      "singleton_constraint_violations": {
        "mapper": 0,
        "predicate": 0
      },
      "state_id": "b6a960c1842ba94f"
    },
    "evidence_guided_expansions": 7,
    "fallback_expansions": 0,
    "first_exact_proposal_slot": 22,
    "first_exact_state_evaluation": 18,
    "logical_candidate_evaluations": 25,
    "maximum_budget": 29,
    "physical_scorer_calls": 19,
    "primary_checkpoint_slot": 29,
    "primary_checkpoint_success": true,
    "proposal_slots_consumed": 29,
    "provider_calls_attempted": 7,
    "provider_calls_invalid": 1,
    "provider_calls_valid": 6,
    "rounds_completed": 4,
    "score_cache_hits": 30,
    "semantic_no_op_proposals": 1,
    "semantic_redundancy_rate": 0.368421052631579,
    "success": true,
    "success_by_proposal_slot_checkpoint": {
      "1": false,
      "13": false,
      "21": false,
      "29": true,
      "5": false
    },
    "termination_reason": "exact-program",
    "unique_joint_semantic_cells_evaluated": 12,
    "unique_mapper_behaviors_evaluated": 7,
    "unique_predicate_behaviors_evaluated": 6,
    "unique_programs_evaluated": 19,
    "within_call_semantic_duplicates": 7
  },
  "matched_random_beam": {
    "aggregate_physical_scorer_calls": 1053,
    "aggregate_score_cache_hits": 277427,
    "best_loss_mean": 17.4609,
    "best_loss_median": 17.0,
    "best_loss_p05": 16.0,
    "best_loss_summary_by_proposal_slot_checkpoint": {
      "1": {
        "fraction_at_most_llm": 1.0,
        "mean": 25.0,
        "median": 25.0,
        "observed_trials": 10000,
        "p05": 25.0,
        "p95": 25.0
      },
      "13": {
        "fraction_at_most_llm": 1.0,
        "mean": 18.8919,
        "median": 20.0,
        "observed_trials": 10000,
        "p05": 17.0,
        "p95": 20.0
      },
      "21": {
        "fraction_at_most_llm": 0.0569,
        "mean": 18.1642,
        "median": 18.0,
        "observed_trials": 10000,
        "p05": 16.0,
        "p95": 20.0
      },
      "29": {
        "fraction_at_most_llm": 0.0298,
        "mean": 17.4609,
        "median": 17.0,
        "observed_trials": 10000,
        "p05": 16.0,
        "p95": 20.0
      },
      "5": {
        "fraction_at_most_llm": 1.0,
        "mean": 19.7466,
        "median": 20.0,
        "observed_trials": 10000,
        "p05": 17.0,
        "p95": 20.0
      }
    },
    "first_exact_execution_median_when_successful": 22.0,
    "fraction_best_loss_at_most_llm": 0.0298,
    "mean_evidence_guided_expansions": 6.962,
    "mean_fallback_expansions": 0,
    "mean_logical_candidate_evaluations": 28.848,
    "mean_proposal_slots_used": 28.848,
    "mean_semantic_no_op_proposals": 4.5709,
    "mean_unique_joint_semantic_cells": 11.8124,
    "mean_unique_mapper_behaviors": 2.5342,
    "mean_unique_predicate_behaviors": 10.2782,
    "success_rate": 0.0298,
    "success_rate_wilson_95": [
      0.026643679348360923,
      0.03331743271942335
    ],
    "success_rate_wilson_95_by_proposal_slot_checkpoint": {
      "1": [
        0.0,
        0.00038399837067659573
      ],
      "13": [
        0.0031088769681385277,
        0.005671895816224385
      ],
      "21": [
        0.01261275780745284,
        0.01735987421145173
      ],
      "29": [
        0.026643679348360923,
        0.03331743271942335
      ],
      "5": [
        0.0,
        0.00038399837067659573
      ]
    },
    "success_rates_by_proposal_slot_checkpoint": {
      "1": 0.0,
      "13": 0.0042,
      "21": 0.0148,
      "29": 0.0298,
      "5": 0.0
    },
    "successes": 298,
    "successes_by_proposal_slot_checkpoint": {
      "1": 0,
      "13": 42,
      "21": 148,
      "29": 298,
      "5": 0
    },
    "trials": 10000
  },
  "timing": {
    "matched_random_baseline_seconds": 6.705867936951108,
    "provider_and_llm_search_seconds": 707.4040907179005,
    "total_seconds": 714.4576952129137
  }
}
